// Jest Snapshot v1, https://goo.gl/fbAQLP

exports[`App Component Should render correctly 1`] = `ShallowWrapper {}`;

exports[`App Component should render correctly 1`] = `ShallowWrapper {}`;
