// Jest Snapshot v1, https://goo.gl/fbAQLP

exports[`LeapYear Component Should render correctly 1`] = `ShallowWrapper {}`;
